[2026-03-25T08:10:39.633+0000] {local_task_job_runner.py:123} INFO - ::group::Pre task execution logs
[2026-03-25T08:10:39.643+0000] {taskinstance.py:2614} INFO - Dependencies all met for dep_context=non-requeueable deps ti=<TaskInstance: cad_exchange_rates.fetch_rates manual__2026-03-25T08:10:38.176621+00:00 [queued]>
[2026-03-25T08:10:39.647+0000] {taskinstance.py:2614} INFO - Dependencies all met for dep_context=requeueable deps ti=<TaskInstance: cad_exchange_rates.fetch_rates manual__2026-03-25T08:10:38.176621+00:00 [queued]>
[2026-03-25T08:10:39.648+0000] {taskinstance.py:2867} INFO - Starting attempt 1 of 3
[2026-03-25T08:10:39.655+0000] {taskinstance.py:2890} INFO - Executing <Task(PythonOperator): fetch_rates> on 2026-03-25 08:10:38.176621+00:00
[2026-03-25T08:10:39.665+0000] {logging_mixin.py:190} WARNING - /home/***/.local/lib/python3.12/site-packages/***/task/task_runner/standard_task_runner.py:70 DeprecationWarning: This process (pid=543) is multi-threaded, use of fork() may lead to deadlocks in the child.
[2026-03-25T08:10:39.664+0000] {standard_task_runner.py:104} INFO - Running: ['***', 'tasks', 'run', 'cad_exchange_rates', 'fetch_rates', 'manual__2026-03-25T08:10:38.176621+00:00', '--job-id', '12', '--raw', '--subdir', 'DAGS_FOLDER/currency_dag.py', '--cfg-path', '/tmp/tmpgurr5tbj']
[2026-03-25T08:10:39.667+0000] {standard_task_runner.py:72} INFO - Started process 544 to run task
[2026-03-25T08:10:39.667+0000] {standard_task_runner.py:105} INFO - Job 12: Subtask fetch_rates
[2026-03-25T08:10:39.717+0000] {task_command.py:467} INFO - Running <TaskInstance: cad_exchange_rates.fetch_rates manual__2026-03-25T08:10:38.176621+00:00 [running]> on host 1273074b55d7
[2026-03-25T08:10:39.774+0000] {taskinstance.py:3134} INFO - Exporting env vars: AIRFLOW_CTX_DAG_OWNER='david' AIRFLOW_CTX_DAG_ID='cad_exchange_rates' AIRFLOW_CTX_TASK_ID='fetch_rates' AIRFLOW_CTX_EXECUTION_DATE='2026-03-25T08:10:38.176621+00:00' AIRFLOW_CTX_TRY_NUMBER='1' AIRFLOW_CTX_DAG_RUN_ID='manual__2026-03-25T08:10:38.176621+00:00'
[2026-03-25T08:10:39.775+0000] {taskinstance.py:732} INFO - ::endgroup::
[2026-03-25T08:10:39.788+0000] {logging_mixin.py:190} INFO - Fetching USD/CAD...
[2026-03-25T08:10:39.865+0000] {logging_mixin.py:190} INFO - Fetching EUR/CAD...
[2026-03-25T08:10:39.989+0000] {logging_mixin.py:190} INFO - Fetching GBP/CAD...
[2026-03-25T08:10:40.285+0000] {logging_mixin.py:190} INFO - Fetching JPY/CAD...
[2026-03-25T08:10:40.439+0000] {logging_mixin.py:190} INFO - Fetching KRW/CAD...
[2026-03-25T08:10:40.535+0000] {logging_mixin.py:190} INFO - Fetched 0 rates
[2026-03-25T08:10:40.536+0000] {python.py:240} INFO - Done. Returned value was: []
[2026-03-25T08:10:40.558+0000] {taskinstance.py:341} INFO - ::group::Post task execution logs
[2026-03-25T08:10:40.559+0000] {taskinstance.py:353} INFO - Marking task as SUCCESS. dag_id=cad_exchange_rates, task_id=fetch_rates, run_id=manual__2026-03-25T08:10:38.176621+00:00, execution_date=20260325T081038, start_date=20260325T081039, end_date=20260325T081040
[2026-03-25T08:10:40.604+0000] {local_task_job_runner.py:266} INFO - Task exited with return code 0
[2026-03-25T08:10:40.621+0000] {taskinstance.py:3901} INFO - 1 downstream tasks scheduled from follow-on schedule check
[2026-03-25T08:10:40.623+0000] {local_task_job_runner.py:245} INFO - ::endgroup::
